src/pages/booking/Home.tsx(4,1): error TS6133: 'useState' is declared but its value is never read.
src/pages/booking/Payment.tsx(12,3): error TS6133: 'CheckCircle2' is declared but its value is never read.
src/pages/booking/Payment.tsx(15,3): error TS6133: 'Mail' is declared but its value is never read.
src/pages/booking/Payment.tsx(16,3): error TS6133: 'Phone' is declared but its value is never read.
src/pages/booking/Payment.tsx(19,52): error TS6133: 'CardDescription' is declared but its value is never read.
src/pages/booking/Payment.tsx(23,1): error TS6133: 'Badge' is declared but its value is never read.
src/pages/booking/Rooms.tsx(8,3): error TS6133: 'Wifi' is declared but its value is never read.
src/pages/booking/Rooms.tsx(9,3): error TS6133: 'Tv' is declared but its value is never read.
src/pages/booking/Rooms.tsx(10,3): error TS6133: 'AirVent' is declared but its value is never read.
src/pages/booking/Rooms.tsx(11,3): error TS6133: 'Coffee' is declared but its value is never read.
src/pages/booking/Rooms.tsx(12,3): error TS6133: 'Bath' is declared but its value is never read.
src/pages/booking/Rooms.tsx(14,3): error TS6133: 'Check' is declared but its value is never read.
src/pages/booking/Rooms.tsx(15,3): error TS6133: 'ChevronDown' is declared but its value is never read.
src/pages/hotel/Billing.tsx(8,3): error TS6133: 'Filter' is declared but its value is never read.
src/pages/hotel/Billing.tsx(21,52): error TS6133: 'CardDescription' is declared but its value is never read.
src/pages/hotel/Dashboard.tsx(10,3): error TS6133: 'TrendingUp' is declared but its value is never read.
src/pages/hotel/Dashboard.tsx(12,3): error TS6133: 'ArrowDownRight' is declared but its value is never read.
src/pages/hotel/Dashboard.tsx(13,3): error TS6133: 'Clock' is declared but its value is never read.
src/pages/hotel/Dashboard.tsx(14,3): error TS6133: 'MoreHorizontal' is declared but its value is never read.
src/pages/hotel/Guests.tsx(20,29): error TS6133: 'CardHeader' is declared but its value is never read.
src/pages/hotel/Guests.tsx(20,41): error TS6133: 'CardTitle' is declared but its value is never read.
src/pages/hotel/Guests.tsx(20,52): error TS6133: 'CardDescription' is declared but its value is never read.
src/pages/hotel/Housekeeping.tsx(8,3): error TS6133: 'Filter' is declared but its value is never read.
src/pages/hotel/Housekeeping.tsx(13,3): error TS6133: 'AlertTriangle' is declared but its value is never read.
src/pages/hotel/Housekeeping.tsx(17,29): error TS6133: 'CardHeader' is declared but its value is never read.
src/pages/hotel/Housekeeping.tsx(17,41): error TS6133: 'CardTitle' is declared but its value is never read.
src/pages/hotel/Housekeeping.tsx(17,52): error TS6133: 'CardDescription' is declared but its value is never read.
src/pages/hotel/Marketplace.tsx(17,64): error TS6133: 'CardDescription' is declared but its value is never read.
src/pages/hotel/Marketplace.tsx(21,16): error TS6133: 'TabsContent' is declared but its value is never read.
src/pages/hotel/Reports.tsx(5,3): error TS6133: 'BarChart3' is declared but its value is never read.
src/pages/hotel/Reports.tsx(6,3): error TS6133: 'TrendingUp' is declared but its value is never read.
src/pages/hotel/Reports.tsx(10,3): error TS6133: 'Calendar' is declared but its value is never read.
src/pages/hotel/Reports.tsx(11,3): error TS6133: 'Filter' is declared but its value is never read.
src/pages/hotel/Reports.tsx(15,1): error TS6133: 'Input' is declared but its value is never read.
src/pages/hotel/Reports.tsx(32,3): error TS6133: 'LineChart' is declared but its value is never read.
src/pages/hotel/Reports.tsx(33,3): error TS6133: 'Line' is declared but its value is never read.
src/pages/hotel/Reports.tsx(42,1): error TS6133: 'StatsCard' is declared but its value is never read.
src/pages/hotel/Reservations.tsx(16,3): error TS6133: 'Users' is declared but its value is never read.
src/pages/hotel/Reservations.tsx(18,29): error TS6133: 'CardHeader' is declared but its value is never read.
src/pages/hotel/Reservations.tsx(18,41): error TS6133: 'CardTitle' is declared but its value is never read.
src/pages/hotel/Rooms.tsx(8,3): error TS6133: 'Filter' is declared but its value is never read.
src/pages/hotel/Rooms.tsx(16,3): error TS6133: 'Wifi' is declared but its value is never read.
src/pages/hotel/Rooms.tsx(17,3): error TS6133: 'Tv' is declared but its value is never read.
src/pages/hotel/Rooms.tsx(18,3): error TS6133: 'Wind' is declared but its value is never read.
src/pages/hotel/Rooms.tsx(19,3): error TS6133: 'Coffee' is declared but its value is never read.
src/pages/hotel/Rooms.tsx(20,3): error TS6133: 'Bath' is declared but its value is never read.
src/pages/hotel/Settings.tsx(6,3): error TS6133: 'Globe' is declared but its value is never read.
src/pages/hotel/Staff.tsx(16,29): error TS6133: 'CardHeader' is declared but its value is never read.
src/pages/hotel/Staff.tsx(16,41): error TS6133: 'CardTitle' is declared but its value is never read.
src/pages/hotel/Staff.tsx(21,1): error TS6133: 'Switch' is declared but its value is never read.
src/pages/marketing/Features.tsx(15,3): error TS6133: 'Shield' is declared but its value is never read.
src/pages/marketing/Features.tsx(17,3): error TS6133: 'Smartphone' is declared but its value is never read.
src/pages/marketing/Landing.tsx(6,3): error TS6133: 'Building2' is declared but its value is never read.
src/pages/marketing/Landing.tsx(7,3): error TS6133: 'Zap' is declared but its value is never read.
src/pages/marketing/Landing.tsx(8,3): error TS6133: 'Shield' is declared but its value is never read.
src/pages/marketing/Pricing.tsx(10,3): error TS6133: 'MessageSquare' is declared but its value is never read.
src/pages/marketing/Pricing.tsx(11,3): error TS6133: 'HelpCircle' is declared but its value is never read.
src/pages/marketing/Pricing.tsx(16,1): error TS6133: 'Separator' is declared but its value is never read.
src/pages/marketing/Pricing.tsx(17,1): error TS6192: All imports in import declaration are unused.
